
> haulink@0.1.0 build
> next build

node.exe : ÔÜá Warning
: Next.js inferred you
r workspace root, but 
it may not be correct.
At C:\Program Files\no
dejs\npm.ps1:29 char:3
+   & $NODE_EXE $NPM_C
LI_JS $args
+   ~~~~~~~~~~~~~~~~~~
~~~~~~~~~~~
    + CategoryInfo    
          : NotSpecifi
ed    : (ÔÜá Warning: 
Ne.    ..not be correc
t.:S    tring) [], Rem
oteEx    ception
    + FullyQualifiedEr
r    orId : NativeComm
an    dError
 
 We detected multiple 
lockfiles and selected
 the directory of C:\U
sers\Murat\package-loc
k.json as the root dir
ectory.
 To silence this warni
ng, set `turbopack.roo
t` in your Next.js con
fig, or consider remov
ing one of the lockfil
es if it's not needed.
   See https://nextjs.
org/docs/app/api-refer
ence/config/next-confi
g-js/turbopack#root-di
rectory for more infor
mation.
 Detected additional l
ockfiles: 
   * C:\Users\Murat\.g
emini\antigravity\scra
tch\haulink\package-lo
ck.json

Ôû▓ Next.js 16.1.1 (Turbopack)
- Environments: .env.local

ÔÜá The "middleware" f
ile convention is depr
ecated. Please use "pr
oxy" instead. Learn mo
re: https://nextjs.org
/docs/messages/middlew
are-to-proxy
  Creating an optimized production build ...

> Build error occurred
Error: Turbopack build
 failed with 3 errors:
./.gemini/antigravity/
scratch/haulink/src/co
mponents/dashboard/shi
pment/ShipmentDetails.
tsx:5:1
Module not found: Can'
t resolve '@/component
s/ui/badge'
[0m [90m 3 |[39m [
36mimport[39m { [33m
ArrowLeft[39m[33m,[
39m [33mMapPin[39m[
33m,[39m [33mTruck[
39m[33m,[39m [33mCa
lendar[39m[33m,[39m
 [33mClock[39m[33m,
[39m [33mFileText[3
9m[33m,[39m [33mDow
nload[39m[33m,[39m 
[33mUpload[39m[33m,
[39m [33mCheckCircle
2[39m[33m,[39m [33
mCircle[39m[33m,[39
m [33mAlertCircle[39
m } [36mfrom[39m [3
2m'lucide-react'[39m
[33m;[39m
 [90m 4 |[39m [36mi
mport[39m { [33mButt
on[39m } [36mfrom[3
9m [32m'@/components/
ui/button'[39m[33m;
[39m
[31m[1m>[22m[39m[
90m 5 |[39m [36mimpo
rt[39m { [33mBadge[
39m } [36mfrom[39m 
[32m'@/components/ui/b
adge'[39m[33m;[39m
 [90m   |[39m [31m
[1m^[22m[39m[31m[1
m^[22m[39m[31m[1m^
[22m[39m[31m[1m^[
22m[39m[31m[1m^[22
m[39m[31m[1m^[22m
[39m[31m[1m^[22m[3
9m[31m[1m^[22m[39m
[31m[1m^[22m[39m[
31m[1m^[22m[39m[31
m[1m^[22m[39m[31m
[1m^[22m[39m[31m[1
m^[22m[39m[31m[1m^
[22m[39m[31m[1m^[
22m[39m[31m[1m^[22
m[39m[31m[1m^[22m
[39m[31m[1m^[22m[3
9m[31m[1m^[22m[39m
[31m[1m^[22m[39m[
31m[1m^[22m[39m[31
m[1m^[22m[39m[31m
[1m^[22m[39m[31m[1
m^[22m[39m[31m[1m^
[22m[39m[31m[1m^[
22m[39m[31m[1m^[22
m[39m[31m[1m^[22m
[39m[31m[1m^[22m[3
9m[31m[1m^[22m[39m
[31m[1m^[22m[39m[
31m[1m^[22m[39m[31
m[1m^[22m[39m[31m
[1m^[22m[39m[31m[1
m^[22m[39m[31m[1m^
[22m[39m[31m[1m^[
22m[39m[31m[1m^[22
m[39m[31m[1m^[22m
[39m[31m[1m^[22m[3
9m[31m[1m^[22m[39m
[31m[1m^[22m[39m[
31m[1m^[22m[39m[31
m[1m^[22m[39m[31m
[1m^[22m[39m[31m[1
m^[22m[39m
 [90m 6 |[39m [36mi
mport[39m { [33mCard
[39m[33m,[39m [33m
CardContent[39m[33m,
[39m [33mCardHeader
[39m[33m,[39m [33mC
ardTitle[39m } [36mf
rom[39m [32m'@/compo
nents/ui/card'[39m[3
3m;[39m
 [90m 7 |[39m [36mi
mport[39m { [33mSepa
rator[39m } [36mfrom
[39m [32m'@/componen
ts/ui/separator'[39m
[33m;[39m
 [90m 8 |[39m [36mi
mport[39m { useRouter
 } [36mfrom[39m [32
m'next/navigation'[39
m[33m;[39m[0m

Import map: aliased to
 relative './src/compo
nents/ui/badge' inside
 of [project]/.gemini/
antigravity/scratch/ha
ulink


Import trace:
  Server Component:
    ./.gemini/antigrav
ity/scratch/haulink/sr
c/components/dashboard
/shipment/ShipmentDeta
ils.tsx
    ./.gemini/antigrav
ity/scratch/haulink/sr
c/app/[lang]/dashboard
/shipments/[id]/page.t
sx

https://nextjs.org/doc
s/messages/module-not-
found


./.gemini/antigravity/
scratch/haulink/src/co
mponents/dashboard/shi
pment/ShipmentDetails.
tsx:6:1
Module not found: Can'
t resolve '@/component
s/ui/card'
[0m [90m 4 |[39m [
36mimport[39m { [33m
Button[39m } [36mfro
m[39m [32m'@/compone
nts/ui/button'[39m[3
3m;[39m
 [90m 5 |[39m [36mi
mport[39m { [33mBadg
e[39m } [36mfrom[39
m [32m'@/components/u
i/badge'[39m[33m;[3
9m
[31m[1m>[22m[39m[
90m 6 |[39m [36mimpo
rt[39m { [33mCard[3
9m[33m,[39m [33mCar
dContent[39m[33m,[3
9m [33mCardHeader[39
m[33m,[39m [33mCard
Title[39m } [36mfrom
[39m [32m'@/componen
ts/ui/card'[39m[33m;
[39m
 [90m   |[39m [31m
[1m^[22m[39m[31m[1
m^[22m[39m[31m[1m^
[22m[39m[31m[1m^[
22m[39m[31m[1m^[22
m[39m[31m[1m^[22m
[39m[31m[1m^[22m[3
9m[31m[1m^[22m[39m
[31m[1m^[22m[39m[
31m[1m^[22m[39m[31
m[1m^[22m[39m[31m
[1m^[22m[39m[31m[1
m^[22m[39m[31m[1m^
[22m[39m[31m[1m^[
22m[39m[31m[1m^[22
m[39m[31m[1m^[22m
[39m[31m[1m^[22m[3
9m[31m[1m^[22m[39m
[31m[1m^[22m[39m[
31m[1m^[22m[39m[31
m[1m^[22m[39m[31m
[1m^[22m[39m[31m[1
m^[22m[39m[31m[1m^
[22m[39m[31m[1m^[
22m[39m[31m[1m^[22
m[39m[31m[1m^[22m
[39m[31m[1m^[22m[3
9m[31m[1m^[22m[39m
[31m[1m^[22m[39m[
31m[1m^[22m[39m[31
m[1m^[22m[39m[31m
[1m^[22m[39m[31m[1
m^[22m[39m[31m[1m^
[22m[39m[31m[1m^[
22m[39m[31m[1m^[22
m[39m[31m[1m^[22m
[39m[31m[1m^[22m[3
9m[31m[1m^[22m[39m
[31m[1m^[22m[39m[
31m[1m^[22m[39m[31
m[1m^[22m[39m[31m
[1m^[22m[39m[31m[1
m^[22m[39m[31m[1m^
[22m[39m[31m[1m^[
22m[39m[31m[1m^[22
m[39m[31m[1m^[22m
[39m[31m[1m^[22m[3
9m[31m[1m^[22m[39m
[31m[1m^[22m[39m[
31m[1m^[22m[39m[31
m[1m^[22m[39m[31m
[1m^[22m[39m[31m[1
m^[22m[39m[31m[1m^
[22m[39m[31m[1m^[
22m[39m[31m[1m^[22
m[39m[31m[1m^[22m
[39m[31m[1m^[22m[3
9m[31m[1m^[22m[39m
[31m[1m^[22m[39m[
31m[1m^[22m[39m[31
m[1m^[22m[39m[31m
[1m^[22m[39m[31m[1
m^[22m[39m[31m[1m^
[22m[39m[31m[1m^[
22m[39m[31m[1m^[22
m[39m[31m[1m^[22m
[39m[31m[1m^[22m[3
9m[31m[1m^[22m[39m
[31m[1m^[22m[39m[
31m[1m^[22m[39m[31
m[1m^[22m[39m[31m
[1m^[22m[39m[31m[1
m^[22m[39m[31m[1m^
[22m[39m
 [90m 7 |[39m [36mi
mport[39m { [33mSepa
rator[39m } [36mfrom
[39m [32m'@/componen
ts/ui/separator'[39m
[33m;[39m
 [90m 8 |[39m [36mi
mport[39m { useRouter
 } [36mfrom[39m [32
m'next/navigation'[39
m[33m;[39m
 [90m 9 |[39m [36mi
mport[39m dynamic [3
6mfrom[39m [32m'next
/dynamic'[39m[33m;[
39m[0m

Import map: aliased to
 relative './src/compo
nents/ui/card' inside 
of [project]/.gemini/a
ntigravity/scratch/hau
link


Import trace:
  Server Component:
    ./.gemini/antigrav
ity/scratch/haulink/sr
c/components/dashboard
/shipment/ShipmentDeta
ils.tsx
    ./.gemini/antigrav
ity/scratch/haulink/sr
c/app/[lang]/dashboard
/shipments/[id]/page.t
sx

https://nextjs.org/doc
s/messages/module-not-
found


./.gemini/antigravity/
scratch/haulink/src/co
mponents/dashboard/shi
pment/ShipmentDetails.
tsx:7:1
Module not found: Can'
t resolve '@/component
s/ui/separator'
[0m [90m  5 |[39m 
[36mimport[39m { [33
mBadge[39m } [36mfro
m[39m [32m'@/compone
nts/ui/badge'[39m[33
m;[39m
 [90m  6 |[39m [36m
import[39m { [33mCar
d[39m[33m,[39m [33
mCardContent[39m[33m
,[39m [33mCardHeader
[39m[33m,[39m [33m
CardTitle[39m } [36m
from[39m [32m'@/comp
onents/ui/card'[39m[
33m;[39m
[31m[1m>[22m[39m[
90m  7 |[39m [36mimp
ort[39m { [33mSepara
tor[39m } [36mfrom[
39m [32m'@/components
/ui/separator'[39m[3
3m;[39m
 [90m    |[39m [31m
[1m^[22m[39m[31m[
1m^[22m[39m[31m[1m
^[22m[39m[31m[1m^
[22m[39m[31m[1m^[2
2m[39m[31m[1m^[22m
[39m[31m[1m^[22m[
39m[31m[1m^[22m[39
m[31m[1m^[22m[39m
[31m[1m^[22m[39m[3
1m[1m^[22m[39m[31m
[1m^[22m[39m[31m[
1m^[22m[39m[31m[1m
^[22m[39m[31m[1m^
[22m[39m[31m[1m^[2
2m[39m[31m[1m^[22m
[39m[31m[1m^[22m[
39m[31m[1m^[22m[39
m[31m[1m^[22m[39m
[31m[1m^[22m[39m[3
1m[1m^[22m[39m[31m
[1m^[22m[39m[31m[
1m^[22m[39m[31m[1m
^[22m[39m[31m[1m^
[22m[39m[31m[1m^[2
2m[39m[31m[1m^[22m
[39m[31m[1m^[22m[
39m[31m[1m^[22m[39
m[31m[1m^[22m[39m
[31m[1m^[22m[39m[3
1m[1m^[22m[39m[31m
[1m^[22m[39m[31m[
1m^[22m[39m[31m[1m
^[22m[39m[31m[1m^
[22m[39m[31m[1m^[2
2m[39m[31m[1m^[22m
[39m[31m[1m^[22m[
39m[31m[1m^[22m[39
m[31m[1m^[22m[39m
[31m[1m^[22m[39m[3
1m[1m^[22m[39m[31m
[1m^[22m[39m[31m[
1m^[22m[39m[31m[1m
^[22m[39m[31m[1m^
[22m[39m[31m[1m^[2
2m[39m[31m[1m^[22m
[39m[31m[1m^[22m[
39m[31m[1m^[22m[39
m[31m[1m^[22m[39m
[31m[1m^[22m[39m
 [90m  8 |[39m [36m
import[39m { useRoute
r } [36mfrom[39m [3
2m'next/navigation'[3
9m[33m;[39m
 [90m  9 |[39m [36m
import[39m dynamic [
36mfrom[39m [32m'nex
t/dynamic'[39m[33m;
[39m
 [90m 10 |[39m[0m

Import map: aliased to
 relative './src/compo
nents/ui/separator' in
side of [project]/.gem
ini/antigravity/scratc
h/haulink


Import trace:
  Server Component:
    ./.gemini/antigrav
ity/scratch/haulink/sr
c/components/dashboard
/shipment/ShipmentDeta
ils.tsx
    ./.gemini/antigrav
ity/scratch/haulink/sr
c/app/[lang]/dashboard
/shipments/[id]/page.t
sx

https://nextjs.org/doc
s/messages/module-not-
found


    at <unknown> (./.g
emini/antigravity/scra
tch/haulink/src/compon
ents/dashboard/shipmen
t/ShipmentDetails.tsx:
5:1)
    at <unknown> (http
s://nextjs.org/docs/me
ssages/module-not-foun
d)
    at <unknown> (./.g
emini/antigravity/scra
tch/haulink/src/compon
ents/dashboard/shipmen
t/ShipmentDetails.tsx:
6:1)
    at <unknown> (http
s://nextjs.org/docs/me
ssages/module-not-foun
d)
    at <unknown> (./.g
emini/antigravity/scra
tch/haulink/src/compon
ents/dashboard/shipmen
t/ShipmentDetails.tsx:
7:1)
    at <unknown> (http
s://nextjs.org/docs/me
ssages/module-not-foun
d)
