src/components/map/MapComponent.tsx(72,26): error TS2339: Property 'currentLocation' does not exist on type 'MockLoad'.
src/components/map/MapComponent.tsx(73,38): error TS2339: Property 'currentLocation' does not exist on type 'MockLoad'.
src/components/map/MapComponent.tsx(73,70): error TS2339: Property 'currentLocation' does not exist on type 'MockLoad'.
src/components/map/MapComponent.tsx(93,39): error TS2339: Property 'currentLocation' does not exist on type 'MockLoad'.
src/components/map/MapComponent.tsx(95,43): error TS2339: Property 'currentLocation' does not exist on type 'MockLoad'.
src/components/map/MapComponent.tsx(95,75): error TS2339: Property 'currentLocation' does not exist on type 'MockLoad'.
src/components/map/MapComponent.tsx(100,99): error TS2339: Property 'plate' does not exist on type 'string'.
src/components/map/MapComponent.tsx(117,22): error TS2339: Property 'currentLocation' does not exist on type 'MockLoad'.
src/components/map/MapComponent.tsx(120,41): error TS2339: Property 'currentLocation' does not exist on type 'MockLoad'.
src/components/map/MapComponent.tsx(120,67): error TS2339: Property 'currentLocation' does not exist on type 'MockLoad'.
src/components/map/MapComponent.tsx(125,82): error TS2339: Property 'plate' does not exist on type 'string'.
src/lib/actions/fleet.ts(123,38): error TS7006: Parameter 'l' implicitly has an 'any' type.
src/lib/actions/fleet.ts(124,43): error TS7006: Parameter 'sum' implicitly has an 'any' type.
src/lib/actions/fleet.ts(124,48): error TS7006: Parameter 'l' implicitly has an 'any' type.
src/lib/actions/resources.ts(155,40): error TS7006: Parameter 'v' implicitly has an 'any' type.
